// Vitest Snapshot v1, https://vitest.dev/guide/snapshot.html

exports[`HonestCard > snapshot — populated card 1`] = `
<section
  aria-label="The Honest Card — transparency panel"
  class="rounded-2xl border border-border bg-tone-neutral-bg dark:bg-slate-900 p-4 md:p-6"
  data-testid="honest-card"
>
  <header
    class="flex items-start justify-between gap-3 mb-4 pb-4 border-b border-border"
  >
    <h2
      class="text-base md:text-lg font-semibold text-ink tracking-tight"
    >
      The Honest Card
    </h2>
    <p
      class="text-[11px] text-caption italic max-w-[60%] text-right leading-snug"
      title="We surface what we're sure about, our best estimate, where we could be wrong, and what would change our mind."
    >
      Why we do this: nobody else in retail finance shows their work this openly.
    </p>
  </header>
  <div
    class="space-y-6"
  >
    <div>
      <h3
        class="flex items-center gap-2 text-xs font-semibold uppercase tracking-wide text-tone-good-fg dark:text-emerald-300 mb-3"
      >
        <svg
          aria-hidden="true"
          class="w-4 h-4 shrink-0 text-emerald-600 dark:text-emerald-400"
          fill="none"
          stroke="currentColor"
          stroke-width="2"
          viewBox="0 0 24 24"
        >
          <path
            d="M4.5 12.75l6 6 9-13.5"
            stroke-linecap="round"
            stroke-linejoin="round"
          />
        </svg>
        Here's what we're confident about
      </h3>
      <div
        class="space-y-2"
      >
        <div
          class="space-y-2"
          data-anim="fade-stagger"
        >
          <div
            data-stagger-index="0"
            style="opacity: 0; transform: translate3d(0,8px,0); transition: opacity 500ms ease-out 0ms, transform 500ms cubic-bezier(0.22,1,0.36,1) 0ms; will-change: opacity, transform;"
          >
            <p
              class="text-base text-ink leading-relaxed max-w-prose"
            >
              <span
                aria-hidden="true"
                class="text-caption mr-2"
              >
                •
              </span>
              Market cap: ₹24.00L Cr — derived from latest shares × live price
            </p>
          </div>
          <div
            data-stagger-index="1"
            style="opacity: 0; transform: translate3d(0,8px,0); transition: opacity 500ms ease-out 80ms, transform 500ms cubic-bezier(0.22,1,0.36,1) 80ms; will-change: opacity, transform;"
          >
            <p
              class="text-base text-ink leading-relaxed max-w-prose"
            >
              <span
                aria-hidden="true"
                class="text-caption mr-2"
              >
                •
              </span>
              Dividend declared in last 12 months: ₹19.50/share
            </p>
          </div>
          <div
            data-stagger-index="2"
            style="opacity: 0; transform: translate3d(0,8px,0); transition: opacity 500ms ease-out 160ms, transform 500ms cubic-bezier(0.22,1,0.36,1) 160ms; will-change: opacity, transform;"
          >
            <p
              class="text-base text-ink leading-relaxed max-w-prose"
            >
              <span
                aria-hidden="true"
                class="text-caption mr-2"
              >
                •
              </span>
              Dividend paid for 7 consecutive years
            </p>
          </div>
          <div
            data-stagger-index="3"
            style="opacity: 0; transform: translate3d(0,8px,0); transition: opacity 500ms ease-out 240ms, transform 500ms cubic-bezier(0.22,1,0.36,1) 240ms; will-change: opacity, transform;"
          >
            <p
              class="text-base text-ink leading-relaxed max-w-prose"
            >
              <span
                aria-hidden="true"
                class="text-caption mr-2"
              >
                •
              </span>
              Latest filed financials: period ending 2025-03-31
            </p>
          </div>
        </div>
      </div>
    </div>
    <div
      aria-hidden="true"
      class="h-px bg-border"
    />
    <div>
      <h3
        class="flex items-center gap-2 text-xs font-semibold uppercase tracking-wide text-sky-700 dark:text-sky-300 mb-3"
      >
        <svg
          aria-hidden="true"
          class="w-4 h-4 shrink-0 text-sky-600 dark:text-sky-400"
          fill="none"
          stroke="currentColor"
          stroke-width="2"
          viewBox="0 0 24 24"
        >
          <path
            d="M13.5 4.5L21 12m0 0l-7.5 7.5M21 12H3"
            stroke-linecap="round"
            stroke-linejoin="round"
          />
        </svg>
        Here's our best estimate
      </h3>
      <p
        class="text-base text-ink leading-relaxed max-w-prose font-medium"
      >
        Fair value ₹1,131. Bear ₹942, bull ₹1,507. Model confidence 90/100.
      </p>
    </div>
    <div
      aria-hidden="true"
      class="h-px bg-border"
    />
    <div>
      <h3
        class="flex items-center gap-2 text-xs font-semibold uppercase tracking-wide text-tone-warn-fg dark:text-amber-300 mb-3"
      >
        <svg
          aria-hidden="true"
          class="w-4 h-4 shrink-0 text-amber-600 dark:text-amber-400"
          fill="none"
          stroke="currentColor"
          stroke-width="2"
          viewBox="0 0 24 24"
        >
          <path
            d="M12 9v3.75m-9.303 3.376c-.866 1.5.217 3.374 1.948 3.374h14.71c1.73 0 2.813-1.874 1.948-3.374L13.949 3.378c-.866-1.5-3.032-1.5-3.898 0L2.697 16.126zM12 15.75h.007v.008H12v-.008z"
            stroke-linecap="round"
            stroke-linejoin="round"
          />
        </svg>
        Here's where we could be wrong
      </h3>
      <div
        class="space-y-2"
      >
        <div
          class="space-y-2"
          data-anim="fade-stagger"
        >
          <div
            data-stagger-index="0"
            style="opacity: 0; transform: translate3d(0,8px,0); transition: opacity 500ms ease-out 0ms, transform 500ms cubic-bezier(0.22,1,0.36,1) 0ms; will-change: opacity, transform;"
          >
            <p
              class="text-base text-ink leading-relaxed max-w-prose"
            >
              <span
                aria-hidden="true"
                class="text-caption mr-2"
              >
                •
              </span>
              Leverage at 0.95 is above sector median 0.60 — debt sensitivity matters here
            </p>
          </div>
          <div
            data-stagger-index="1"
            style="opacity: 0; transform: translate3d(0,8px,0); transition: opacity 500ms ease-out 80ms, transform 500ms cubic-bezier(0.22,1,0.36,1) 80ms; will-change: opacity, transform;"
          >
            <p
              class="text-base text-ink leading-relaxed max-w-prose"
            >
              <span
                aria-hidden="true"
                class="text-caption mr-2"
              >
                •
              </span>
              Model fit on this archetype is limited (confidence 67/100) — wide variance across scenarios
            </p>
          </div>
        </div>
      </div>
    </div>
    <div
      aria-hidden="true"
      class="h-px bg-border"
    />
    <div>
      <h3
        class="flex items-center gap-2 text-xs font-semibold uppercase tracking-wide text-rose-700 dark:text-rose-300 mb-3"
      >
        <svg
          aria-hidden="true"
          class="w-4 h-4 shrink-0 text-rose-600 dark:text-rose-400"
          fill="none"
          stroke="currentColor"
          stroke-width="2"
          viewBox="0 0 24 24"
        >
          <path
            d="M6 18L18 6M6 6l12 12"
            stroke-linecap="round"
            stroke-linejoin="round"
          />
        </svg>
        3 things that would change our verdict
      </h3>
      <div
        class="space-y-2"
      >
        <div
          class="space-y-2"
          data-anim="fade-stagger"
        >
          <div
            data-stagger-index="0"
            style="opacity: 0; transform: translate3d(0,8px,0); transition: opacity 500ms ease-out 0ms, transform 500ms cubic-bezier(0.22,1,0.36,1) 0ms; will-change: opacity, transform;"
          >
            <p
              class="text-base text-ink leading-relaxed max-w-prose"
            >
              <span
                class="text-caption font-semibold mr-2 tabular-nums"
              >
                1
                .
              </span>
              Fair value drops more than 15% from one quarter's results — re-rating triggered
            </p>
          </div>
          <div
            data-stagger-index="1"
            style="opacity: 0; transform: translate3d(0,8px,0); transition: opacity 500ms ease-out 80ms, transform 500ms cubic-bezier(0.22,1,0.36,1) 80ms; will-change: opacity, transform;"
          >
            <p
              class="text-base text-ink leading-relaxed max-w-prose"
            >
              <span
                class="text-caption font-semibold mr-2 tabular-nums"
              >
                2
                .
              </span>
              Loan / advances growth below 8% for 2 consecutive quarters — bear case becomes base
            </p>
          </div>
          <div
            data-stagger-index="2"
            style="opacity: 0; transform: translate3d(0,8px,0); transition: opacity 500ms ease-out 160ms, transform 500ms cubic-bezier(0.22,1,0.36,1) 160ms; will-change: opacity, transform;"
          >
            <p
              class="text-base text-ink leading-relaxed max-w-prose"
            >
              <span
                class="text-caption font-semibold mr-2 tabular-nums"
              >
                3
                .
              </span>
              Gross NPA above 2% — solvency concerns enter the model
            </p>
          </div>
        </div>
      </div>
    </div>
  </div>
  <footer
    class="mt-4 pt-4 border-t border-border"
  >
    <p
      class="text-[11px] text-caption italic leading-snug"
    >
      Auto-generated. Computed at response time from publicly filed financials. Not investment advice.
    </p>
  </footer>
</section>
`;
